**********************
Windows PowerShell transcript start
Start time: 20261006025631
Username: DESKTOP-88EMS9T\tousi
RunAs User: DESKTOP-88EMS9T\tousi
Configuration Name: 
Machine: DESKTOP-88EMS9T (Microsoft Windows NT 10.0.26300.0)
Host Application: C:\WINDOWS\System32\WindowsPowerShell\v1.0\powershell.exe
Process ID: 12952
PSVersion: 5.1.26100.9549
PSEdition: Desktop
PSCompatibleVersions: 1.0, 2.0, 3.0, 4.0, 5.0, 5.1.26100.9549
BuildVersion: 10.0.26100.9549
CLRVersion: 4.0.30319.42000
WSManStackVersion: 3.0
PSRemotingProtocolVersion: 2.3
SerializationVersion: 1.1.0.1
**********************
SciGraph pipeline run
Config: configs\production.yaml
Log: logs\pipeline_20261006T025631.log
Spark UI: check http://localhost:4040 while Spark stages are running.

[2026-10-06T02:56:31] START Acquire OpenAlex
>>> python -m scigraph.ingestion.acquire_openalex --config configs\production.yaml

**********************
Windows PowerShell transcript end
End time: 20261006030920
**********************
